14971 execve("/mnt/c/Users/duynh/Documents/Code/CTF/texSaw/re/ragebait/ragebait?token=eyJ1c2VyX2lkIjo1NjAsInRlYW1faWQiOjEzMiwiZmlsZV9pZCI6MjN9.acfhdw.3UOLczi_As8E9ojHiKiZU69FrSY", ["/mnt/c/Users/duynh/Documents/Code/CTF/texSaw/re/ragebait/ragebait?token=eyJ1c2VyX2lkIjo1NjAsInRlYW1faWQiOjEzMiwiZmlsZV9pZCI6MjN9.acfhdw.3UOLczi_As8E9ojHiKiZU69FrSY", "\1K+Mw*c1\\AAAAAAAAAAAAAAAAAAAAAAA"], 0x7ffd7f5e6bb0 /* 32 vars */) = 0
14971 brk(NULL)                         = 0x215bd000
14971 arch_prctl(0x3001 /* ARCH_??? */, 0x7ffd4ad9b6f0) = -1 EINVAL (Invalid argument)
14971 mmap(NULL, 8192, PROT_READ|PROT_WRITE, MAP_PRIVATE|MAP_ANONYMOUS, -1, 0) = 0x72f06c5a2000
14971 access("/etc/ld.so.preload", R_OK) = -1 ENOENT (No such file or directory)
14971 openat(AT_FDCWD, "/etc/ld.so.cache", O_RDONLY|O_CLOEXEC) = 3
14971 newfstatat(3, "", {st_mode=S_IFREG|0644, st_size=57248, ...}, AT_EMPTY_PATH) = 0
14971 mmap(NULL, 57248, PROT_READ, MAP_PRIVATE, 3, 0) = 0x72f06c594000
14971 close(3)                          = 0
14971 openat(AT_FDCWD, "/lib/x86_64-linux-gnu/libc.so.6", O_RDONLY|O_CLOEXEC) = 3
14971 read(3, "\177ELF\2\1\1\3\0\0\0\0\0\0\0\0\3\0>\0\1\0\0\0P\237\2\0\0\0\0\0@\0\0\0\0\0\0\0\360\320!\0\0\0\0\0\0\0\0\0@\08\0\16\0@\0B\0A\0\6\0\0\0\4\0\0\0@\0\0\0\0\0\0\0@\0\0\0\0\0\0\0@\0\0\0\0\0\0\0\20\3\0\0\0\0\0\0\20\3\0\0\0\0\0\0\10\0\0\0\0\0\0\0\3\0\0\0\4\0\0\0@>\36\0\0\0\0\0@>\36\0\0\0\0\0@>\36\0\0\0\0\0\34\0\0\0\0\0\0\0\34\0\0\0\0\0\0\0\20\0\0\0\0\0\0\0\1\0\0\0\4\0\0\0\0\0\0\0\0\0\0\0\0\0\0\0\0\0\0\0"..., 832) = 832
14971 pread64(3, "\6\0\0\0\4\0\0\0@\0\0\0\0\0\0\0@\0\0\0\0\0\0\0@\0\0\0\0\0\0\0\20\3\0\0\0\0\0\0\20\3\0\0\0\0\0\0\10\0\0\0\0\0\0\0\3\0\0\0\4\0\0\0@>\36\0\0\0\0\0@>\36\0\0\0\0\0@>\36\0\0\0\0\0\34\0\0\0\0\0\0\0\34\0\0\0\0\0\0\0\20\0\0\0\0\0\0\0\1\0\0\0\4\0\0\0\0\0\0\0\0\0\0\0\0\0\0\0\0\0\0\0\0\0\0\0\0\0\0\0\340\177\2\0\0\0\0\0\340\177\2\0\0\0\0\0\0\20\0\0\0\0\0\0\1\0\0\0\5\0\0\0\0\200\2\0\0\0\0\0\0\200\2\0\0\0\0\0\0\200\2\0\0\0\0\0"..., 784, 64) = 784
14971 pread64(3, "\4\0\0\0 \0\0\0\5\0\0\0GNU\0\2\0\0\300\4\0\0\0\3\0\0\0\0\0\0\0\2\200\0\300\4\0\0\0\1\0\0\0\0\0\0\0", 48, 848) = 48
14971 pread64(3, "\4\0\0\0\24\0\0\0\3\0\0\0GNU\0\t\\{\241H\256\312\201f\200\221\367\30\4px\325~\375\333\4\0\0\0\20\0\0\0\1\0\0\0GNU\0\0\0\0\0\3\0\0\0\2\0\0\0\0\0\0\0", 68, 896) = 68
14971 newfstatat(3, "", {st_mode=S_IFREG|0755, st_size=2220400, ...}, AT_EMPTY_PATH) = 0
14971 pread64(3, "\6\0\0\0\4\0\0\0@\0\0\0\0\0\0\0@\0\0\0\0\0\0\0@\0\0\0\0\0\0\0\20\3\0\0\0\0\0\0\20\3\0\0\0\0\0\0\10\0\0\0\0\0\0\0\3\0\0\0\4\0\0\0@>\36\0\0\0\0\0@>\36\0\0\0\0\0@>\36\0\0\0\0\0\34\0\0\0\0\0\0\0\34\0\0\0\0\0\0\0\20\0\0\0\0\0\0\0\1\0\0\0\4\0\0\0\0\0\0\0\0\0\0\0\0\0\0\0\0\0\0\0\0\0\0\0\0\0\0\0\340\177\2\0\0\0\0\0\340\177\2\0\0\0\0\0\0\20\0\0\0\0\0\0\1\0\0\0\5\0\0\0\0\200\2\0\0\0\0\0\0\200\2\0\0\0\0\0\0\200\2\0\0\0\0\0"..., 784, 64) = 784
14971 mmap(NULL, 2264656, PROT_READ, MAP_PRIVATE|MAP_DENYWRITE, 3, 0) = 0x72f06c200000
14971 mprotect(0x72f06c228000, 2023424, PROT_NONE) = 0
14971 mmap(0x72f06c228000, 1658880, PROT_READ|PROT_EXEC, MAP_PRIVATE|MAP_FIXED|MAP_DENYWRITE, 3, 0x28000) = 0x72f06c228000
14971 mmap(0x72f06c3bd000, 360448, PROT_READ, MAP_PRIVATE|MAP_FIXED|MAP_DENYWRITE, 3, 0x1bd000) = 0x72f06c3bd000
14971 mmap(0x72f06c416000, 24576, PROT_READ|PROT_WRITE, MAP_PRIVATE|MAP_FIXED|MAP_DENYWRITE, 3, 0x215000) = 0x72f06c416000
14971 mmap(0x72f06c41c000, 52816, PROT_READ|PROT_WRITE, MAP_PRIVATE|MAP_FIXED|MAP_ANONYMOUS, -1, 0) = 0x72f06c41c000
14971 close(3)                          = 0
14971 mmap(NULL, 12288, PROT_READ|PROT_WRITE, MAP_PRIVATE|MAP_ANONYMOUS, -1, 0) = 0x72f06c591000
14971 arch_prctl(ARCH_SET_FS, 0x72f06c591740) = 0
14971 set_tid_address(0x72f06c591a10)   = 14971
14971 set_robust_list(0x72f06c591a20, 24) = 0
14971 rseq(0x72f06c5920e0, 0x20, 0, 0x53053053) = 0
14971 mprotect(0x72f06c416000, 16384, PROT_READ) = 0
14971 mprotect(0x44d000, 4096, PROT_READ) = 0
14971 mprotect(0x72f06c5dc000, 8192, PROT_READ) = 0
14971 prlimit64(0, RLIMIT_STACK, NULL, {rlim_cur=8192*1024, rlim_max=RLIM64_INFINITY}) = 0
14971 munmap(0x72f06c594000, 57248)     = 0
14971 newfstatat(1, "", {st_mode=S_IFIFO|0600, st_size=0, ...}, AT_EMPTY_PATH) = 0
14971 getrandom("\x93\xe2\x47\xf4\x67\x65\x40\x99", 8, GRND_NONBLOCK) = 8
14971 brk(NULL)                         = 0x215bd000
14971 brk(0x215de000)                   = 0x215de000
14971 write(1, "bash: Permission denied: \1K+Mw*c1\\AAAAAAAAAAAAAAAAAAAAAAA\n", 58) = 58
14971 exit_group(127)                   = ?
14971 +++ exited with 127 +++
