14975 execve("/mnt/c/Users/duynh/Documents/Code/CTF/texSaw/re/ragebait/ragebait?token=eyJ1c2VyX2lkIjo1NjAsInRlYW1faWQiOjEzMiwiZmlsZV9pZCI6MjN9.acfhdw.3UOLczi_As8E9ojHiKiZU69FrSY", ["/mnt/c/Users/duynh/Documents/Code/CTF/texSaw/re/ragebait/ragebait?token=eyJ1c2VyX2lkIjo1NjAsInRlYW1faWQiOjEzMiwiZmlsZV9pZCI6MjN9.acfhdw.3UOLczi_As8E9ojHiKiZU69FrSY", "\37MN]+9E(cAAAAAAAAAAAAAAAAAAAAAAA"], 0x7fff1375cba0 /* 32 vars */) = 0
14975 brk(NULL)                         = 0x2cc0f000
14975 arch_prctl(0x3001 /* ARCH_??? */, 0x7ffcc540b1a0) = -1 EINVAL (Invalid argument)
14975 mmap(NULL, 8192, PROT_READ|PROT_WRITE, MAP_PRIVATE|MAP_ANONYMOUS, -1, 0) = 0x70be80c7c000
14975 access("/etc/ld.so.preload", R_OK) = -1 ENOENT (No such file or directory)
14975 openat(AT_FDCWD, "/etc/ld.so.cache", O_RDONLY|O_CLOEXEC) = 3
14975 newfstatat(3, "", {st_mode=S_IFREG|0644, st_size=57248, ...}, AT_EMPTY_PATH) = 0
14975 mmap(NULL, 57248, PROT_READ, MAP_PRIVATE, 3, 0) = 0x70be80c6e000
14975 close(3)                          = 0
14975 openat(AT_FDCWD, "/lib/x86_64-linux-gnu/libc.so.6", O_RDONLY|O_CLOEXEC) = 3
14975 read(3, "\177ELF\2\1\1\3\0\0\0\0\0\0\0\0\3\0>\0\1\0\0\0P\237\2\0\0\0\0\0@\0\0\0\0\0\0\0\360\320!\0\0\0\0\0\0\0\0\0@\08\0\16\0@\0B\0A\0\6\0\0\0\4\0\0\0@\0\0\0\0\0\0\0@\0\0\0\0\0\0\0@\0\0\0\0\0\0\0\20\3\0\0\0\0\0\0\20\3\0\0\0\0\0\0\10\0\0\0\0\0\0\0\3\0\0\0\4\0\0\0@>\36\0\0\0\0\0@>\36\0\0\0\0\0@>\36\0\0\0\0\0\34\0\0\0\0\0\0\0\34\0\0\0\0\0\0\0\20\0\0\0\0\0\0\0\1\0\0\0\4\0\0\0\0\0\0\0\0\0\0\0\0\0\0\0\0\0\0\0"..., 832) = 832
14975 pread64(3, "\6\0\0\0\4\0\0\0@\0\0\0\0\0\0\0@\0\0\0\0\0\0\0@\0\0\0\0\0\0\0\20\3\0\0\0\0\0\0\20\3\0\0\0\0\0\0\10\0\0\0\0\0\0\0\3\0\0\0\4\0\0\0@>\36\0\0\0\0\0@>\36\0\0\0\0\0@>\36\0\0\0\0\0\34\0\0\0\0\0\0\0\34\0\0\0\0\0\0\0\20\0\0\0\0\0\0\0\1\0\0\0\4\0\0\0\0\0\0\0\0\0\0\0\0\0\0\0\0\0\0\0\0\0\0\0\0\0\0\0\340\177\2\0\0\0\0\0\340\177\2\0\0\0\0\0\0\20\0\0\0\0\0\0\1\0\0\0\5\0\0\0\0\200\2\0\0\0\0\0\0\200\2\0\0\0\0\0\0\200\2\0\0\0\0\0"..., 784, 64) = 784
14975 pread64(3, "\4\0\0\0 \0\0\0\5\0\0\0GNU\0\2\0\0\300\4\0\0\0\3\0\0\0\0\0\0\0\2\200\0\300\4\0\0\0\1\0\0\0\0\0\0\0", 48, 848) = 48
14975 pread64(3, "\4\0\0\0\24\0\0\0\3\0\0\0GNU\0\t\\{\241H\256\312\201f\200\221\367\30\4px\325~\375\333\4\0\0\0\20\0\0\0\1\0\0\0GNU\0\0\0\0\0\3\0\0\0\2\0\0\0\0\0\0\0", 68, 896) = 68
14975 newfstatat(3, "", {st_mode=S_IFREG|0755, st_size=2220400, ...}, AT_EMPTY_PATH) = 0
14975 pread64(3, "\6\0\0\0\4\0\0\0@\0\0\0\0\0\0\0@\0\0\0\0\0\0\0@\0\0\0\0\0\0\0\20\3\0\0\0\0\0\0\20\3\0\0\0\0\0\0\10\0\0\0\0\0\0\0\3\0\0\0\4\0\0\0@>\36\0\0\0\0\0@>\36\0\0\0\0\0@>\36\0\0\0\0\0\34\0\0\0\0\0\0\0\34\0\0\0\0\0\0\0\20\0\0\0\0\0\0\0\1\0\0\0\4\0\0\0\0\0\0\0\0\0\0\0\0\0\0\0\0\0\0\0\0\0\0\0\0\0\0\0\340\177\2\0\0\0\0\0\340\177\2\0\0\0\0\0\0\20\0\0\0\0\0\0\1\0\0\0\5\0\0\0\0\200\2\0\0\0\0\0\0\200\2\0\0\0\0\0\0\200\2\0\0\0\0\0"..., 784, 64) = 784
14975 mmap(NULL, 2264656, PROT_READ, MAP_PRIVATE|MAP_DENYWRITE, 3, 0) = 0x70be80a00000
14975 mprotect(0x70be80a28000, 2023424, PROT_NONE) = 0
14975 mmap(0x70be80a28000, 1658880, PROT_READ|PROT_EXEC, MAP_PRIVATE|MAP_FIXED|MAP_DENYWRITE, 3, 0x28000) = 0x70be80a28000
14975 mmap(0x70be80bbd000, 360448, PROT_READ, MAP_PRIVATE|MAP_FIXED|MAP_DENYWRITE, 3, 0x1bd000) = 0x70be80bbd000
14975 mmap(0x70be80c16000, 24576, PROT_READ|PROT_WRITE, MAP_PRIVATE|MAP_FIXED|MAP_DENYWRITE, 3, 0x215000) = 0x70be80c16000
14975 mmap(0x70be80c1c000, 52816, PROT_READ|PROT_WRITE, MAP_PRIVATE|MAP_FIXED|MAP_ANONYMOUS, -1, 0) = 0x70be80c1c000
14975 close(3)                          = 0
14975 mmap(NULL, 12288, PROT_READ|PROT_WRITE, MAP_PRIVATE|MAP_ANONYMOUS, -1, 0) = 0x70be80c6b000
14975 arch_prctl(ARCH_SET_FS, 0x70be80c6b740) = 0
14975 set_tid_address(0x70be80c6ba10)   = 14975
14975 set_robust_list(0x70be80c6ba20, 24) = 0
14975 rseq(0x70be80c6c0e0, 0x20, 0, 0x53053053) = 0
14975 mprotect(0x70be80c16000, 16384, PROT_READ) = 0
14975 mprotect(0x44d000, 4096, PROT_READ) = 0
14975 mprotect(0x70be80cb6000, 8192, PROT_READ) = 0
14975 prlimit64(0, RLIMIT_STACK, NULL, {rlim_cur=8192*1024, rlim_max=RLIM64_INFINITY}) = 0
14975 munmap(0x70be80c6e000, 57248)     = 0
14975 newfstatat(1, "", {st_mode=S_IFIFO|0600, st_size=0, ...}, AT_EMPTY_PATH) = 0
14975 getrandom("\xef\x15\x1e\xd9\x93\x64\x40\x3b", 8, GRND_NONBLOCK) = 8
14975 brk(NULL)                         = 0x2cc0f000
14975 brk(0x2cc30000)                   = 0x2cc30000
14975 write(1, "bash: Permission denied: \37MN]+9E(cAAAAAAAAAAAAAAAAAAAAAAA\n", 58) = 58
14975 exit_group(127)                   = ?
14975 +++ exited with 127 +++
