14963 execve("/mnt/c/Users/duynh/Documents/Code/CTF/texSaw/re/ragebait/ragebait?token=eyJ1c2VyX2lkIjo1NjAsInRlYW1faWQiOjEzMiwiZmlsZV9pZCI6MjN9.acfhdw.3UOLczi_As8E9ojHiKiZU69FrSY", ["/mnt/c/Users/duynh/Documents/Code/CTF/texSaw/re/ragebait/ragebait?token=eyJ1c2VyX2lkIjo1NjAsInRlYW1faWQiOjEzMiwiZmlsZV9pZCI6MjN9.acfhdw.3UOLczi_As8E9ojHiKiZU69FrSY", "\34ML?7l-rQAAAAAAAAAAAAAAAAAAAAAAA"], 0x7ffc741e6a40 /* 32 vars */) = 0
14963 brk(NULL)                         = 0x37ddb000
14963 arch_prctl(0x3001 /* ARCH_??? */, 0x7ffe6be829f0) = -1 EINVAL (Invalid argument)
14963 mmap(NULL, 8192, PROT_READ|PROT_WRITE, MAP_PRIVATE|MAP_ANONYMOUS, -1, 0) = 0x75a649742000
14963 access("/etc/ld.so.preload", R_OK) = -1 ENOENT (No such file or directory)
14963 openat(AT_FDCWD, "/etc/ld.so.cache", O_RDONLY|O_CLOEXEC) = 3
14963 newfstatat(3, "", {st_mode=S_IFREG|0644, st_size=57248, ...}, AT_EMPTY_PATH) = 0
14963 mmap(NULL, 57248, PROT_READ, MAP_PRIVATE, 3, 0) = 0x75a649734000
14963 close(3)                          = 0
14963 openat(AT_FDCWD, "/lib/x86_64-linux-gnu/libc.so.6", O_RDONLY|O_CLOEXEC) = 3
14963 read(3, "\177ELF\2\1\1\3\0\0\0\0\0\0\0\0\3\0>\0\1\0\0\0P\237\2\0\0\0\0\0@\0\0\0\0\0\0\0\360\320!\0\0\0\0\0\0\0\0\0@\08\0\16\0@\0B\0A\0\6\0\0\0\4\0\0\0@\0\0\0\0\0\0\0@\0\0\0\0\0\0\0@\0\0\0\0\0\0\0\20\3\0\0\0\0\0\0\20\3\0\0\0\0\0\0\10\0\0\0\0\0\0\0\3\0\0\0\4\0\0\0@>\36\0\0\0\0\0@>\36\0\0\0\0\0@>\36\0\0\0\0\0\34\0\0\0\0\0\0\0\34\0\0\0\0\0\0\0\20\0\0\0\0\0\0\0\1\0\0\0\4\0\0\0\0\0\0\0\0\0\0\0\0\0\0\0\0\0\0\0"..., 832) = 832
14963 pread64(3, "\6\0\0\0\4\0\0\0@\0\0\0\0\0\0\0@\0\0\0\0\0\0\0@\0\0\0\0\0\0\0\20\3\0\0\0\0\0\0\20\3\0\0\0\0\0\0\10\0\0\0\0\0\0\0\3\0\0\0\4\0\0\0@>\36\0\0\0\0\0@>\36\0\0\0\0\0@>\36\0\0\0\0\0\34\0\0\0\0\0\0\0\34\0\0\0\0\0\0\0\20\0\0\0\0\0\0\0\1\0\0\0\4\0\0\0\0\0\0\0\0\0\0\0\0\0\0\0\0\0\0\0\0\0\0\0\0\0\0\0\340\177\2\0\0\0\0\0\340\177\2\0\0\0\0\0\0\20\0\0\0\0\0\0\1\0\0\0\5\0\0\0\0\200\2\0\0\0\0\0\0\200\2\0\0\0\0\0\0\200\2\0\0\0\0\0"..., 784, 64) = 784
14963 pread64(3, "\4\0\0\0 \0\0\0\5\0\0\0GNU\0\2\0\0\300\4\0\0\0\3\0\0\0\0\0\0\0\2\200\0\300\4\0\0\0\1\0\0\0\0\0\0\0", 48, 848) = 48
14963 pread64(3, "\4\0\0\0\24\0\0\0\3\0\0\0GNU\0\t\\{\241H\256\312\201f\200\221\367\30\4px\325~\375\333\4\0\0\0\20\0\0\0\1\0\0\0GNU\0\0\0\0\0\3\0\0\0\2\0\0\0\0\0\0\0", 68, 896) = 68
14963 newfstatat(3, "", {st_mode=S_IFREG|0755, st_size=2220400, ...}, AT_EMPTY_PATH) = 0
14963 pread64(3, "\6\0\0\0\4\0\0\0@\0\0\0\0\0\0\0@\0\0\0\0\0\0\0@\0\0\0\0\0\0\0\20\3\0\0\0\0\0\0\20\3\0\0\0\0\0\0\10\0\0\0\0\0\0\0\3\0\0\0\4\0\0\0@>\36\0\0\0\0\0@>\36\0\0\0\0\0@>\36\0\0\0\0\0\34\0\0\0\0\0\0\0\34\0\0\0\0\0\0\0\20\0\0\0\0\0\0\0\1\0\0\0\4\0\0\0\0\0\0\0\0\0\0\0\0\0\0\0\0\0\0\0\0\0\0\0\0\0\0\0\340\177\2\0\0\0\0\0\340\177\2\0\0\0\0\0\0\20\0\0\0\0\0\0\1\0\0\0\5\0\0\0\0\200\2\0\0\0\0\0\0\200\2\0\0\0\0\0\0\200\2\0\0\0\0\0"..., 784, 64) = 784
14963 mmap(NULL, 2264656, PROT_READ, MAP_PRIVATE|MAP_DENYWRITE, 3, 0) = 0x75a649400000
14963 mprotect(0x75a649428000, 2023424, PROT_NONE) = 0
14963 mmap(0x75a649428000, 1658880, PROT_READ|PROT_EXEC, MAP_PRIVATE|MAP_FIXED|MAP_DENYWRITE, 3, 0x28000) = 0x75a649428000
14963 mmap(0x75a6495bd000, 360448, PROT_READ, MAP_PRIVATE|MAP_FIXED|MAP_DENYWRITE, 3, 0x1bd000) = 0x75a6495bd000
14963 mmap(0x75a649616000, 24576, PROT_READ|PROT_WRITE, MAP_PRIVATE|MAP_FIXED|MAP_DENYWRITE, 3, 0x215000) = 0x75a649616000
14963 mmap(0x75a64961c000, 52816, PROT_READ|PROT_WRITE, MAP_PRIVATE|MAP_FIXED|MAP_ANONYMOUS, -1, 0) = 0x75a64961c000
14963 close(3)                          = 0
14963 mmap(NULL, 12288, PROT_READ|PROT_WRITE, MAP_PRIVATE|MAP_ANONYMOUS, -1, 0) = 0x75a649731000
14963 arch_prctl(ARCH_SET_FS, 0x75a649731740) = 0
14963 set_tid_address(0x75a649731a10)   = 14963
14963 set_robust_list(0x75a649731a20, 24) = 0
14963 rseq(0x75a6497320e0, 0x20, 0, 0x53053053) = 0
14963 mprotect(0x75a649616000, 16384, PROT_READ) = 0
14963 mprotect(0x44d000, 4096, PROT_READ) = 0
14963 mprotect(0x75a64977c000, 8192, PROT_READ) = 0
14963 prlimit64(0, RLIMIT_STACK, NULL, {rlim_cur=8192*1024, rlim_max=RLIM64_INFINITY}) = 0
14963 munmap(0x75a649734000, 57248)     = 0
14963 newfstatat(1, "", {st_mode=S_IFIFO|0600, st_size=0, ...}, AT_EMPTY_PATH) = 0
14963 getrandom("\xc2\xb3\x5c\x39\xcb\xc5\x2e\xfc", 8, GRND_NONBLOCK) = 8
14963 brk(NULL)                         = 0x37ddb000
14963 brk(0x37dfc000)                   = 0x37dfc000
14963 write(1, "bash: Permission denied: \34ML?7l-rQAAAAAAAAAAAAAAAAAAAAAAA\n", 58) = 58
14963 exit_group(127)                   = ?
14963 +++ exited with 127 +++
