7983  execve("./ragebait?token=eyJ1c2VyX2lkIjo1NjAsInRlYW1faWQiOjEzMiwiZmlsZV9pZCI6MjN9.acfhdw.3UOLczi_As8E9ojHiKiZU69FrSY", ["./ragebait?token=eyJ1c2VyX2lkIjo1NjAsInRlYW1faWQiOjEzMiwiZmlsZV9pZCI6MjN9.acfhdw.3UOLczi_As8E9ojHiKiZU69FrSY", "texsaw{c#AAAAAAAAAAAAAAAAAAAAAA}"], 0x7ffd240fd0b0 /* 32 vars */) = 0
7983  brk(NULL)                         = 0x21f3c000
7983  arch_prctl(0x3001 /* ARCH_??? */, 0x7ffe8fdd4dd0) = -1 EINVAL (Invalid argument)
7983  mmap(NULL, 8192, PROT_READ|PROT_WRITE, MAP_PRIVATE|MAP_ANONYMOUS, -1, 0) = 0x70f782535000
7983  access("/etc/ld.so.preload", R_OK) = -1 ENOENT (No such file or directory)
7983  openat(AT_FDCWD, "/etc/ld.so.cache", O_RDONLY|O_CLOEXEC) = 3
7983  newfstatat(3, "", {st_mode=S_IFREG|0644, st_size=57248, ...}, AT_EMPTY_PATH) = 0
7983  mmap(NULL, 57248, PROT_READ, MAP_PRIVATE, 3, 0) = 0x70f782527000
7983  close(3)                          = 0
7983  openat(AT_FDCWD, "/lib/x86_64-linux-gnu/libc.so.6", O_RDONLY|O_CLOEXEC) = 3
7983  read(3, "\177ELF\2\1\1\3\0\0\0\0\0\0\0\0\3\0>\0\1\0\0\0P\237\2\0\0\0\0\0@\0\0\0\0\0\0\0\360\320!\0\0\0\0\0\0\0\0\0@\08\0\16\0@\0B\0A\0\6\0\0\0\4\0\0\0@\0\0\0\0\0\0\0@\0\0\0\0\0\0\0@\0\0\0\0\0\0\0\20\3\0\0\0\0\0\0\20\3\0\0\0\0\0\0\10\0\0\0\0\0\0\0\3\0\0\0\4\0\0\0@>\36\0\0\0\0\0@>\36\0\0\0\0\0@>\36\0\0\0\0\0\34\0\0\0\0\0\0\0\34\0\0\0\0\0\0\0\20\0\0\0\0\0\0\0\1\0\0\0\4\0\0\0\0\0\0\0\0\0\0\0\0\0\0\0\0\0\0\0"..., 832) = 832
7983  pread64(3, "\6\0\0\0\4\0\0\0@\0\0\0\0\0\0\0@\0\0\0\0\0\0\0@\0\0\0\0\0\0\0\20\3\0\0\0\0\0\0\20\3\0\0\0\0\0\0\10\0\0\0\0\0\0\0\3\0\0\0\4\0\0\0@>\36\0\0\0\0\0@>\36\0\0\0\0\0@>\36\0\0\0\0\0\34\0\0\0\0\0\0\0\34\0\0\0\0\0\0\0\20\0\0\0\0\0\0\0\1\0\0\0\4\0\0\0\0\0\0\0\0\0\0\0\0\0\0\0\0\0\0\0\0\0\0\0\0\0\0\0\340\177\2\0\0\0\0\0\340\177\2\0\0\0\0\0\0\20\0\0\0\0\0\0\1\0\0\0\5\0\0\0\0\200\2\0\0\0\0\0\0\200\2\0\0\0\0\0\0\200\2\0\0\0\0\0"..., 784, 64) = 784
7983  pread64(3, "\4\0\0\0 \0\0\0\5\0\0\0GNU\0\2\0\0\300\4\0\0\0\3\0\0\0\0\0\0\0\2\200\0\300\4\0\0\0\1\0\0\0\0\0\0\0", 48, 848) = 48
7983  pread64(3, "\4\0\0\0\24\0\0\0\3\0\0\0GNU\0\t\\{\241H\256\312\201f\200\221\367\30\4px\325~\375\333\4\0\0\0\20\0\0\0\1\0\0\0GNU\0\0\0\0\0\3\0\0\0\2\0\0\0\0\0\0\0", 68, 896) = 68
7983  newfstatat(3, "", {st_mode=S_IFREG|0755, st_size=2220400, ...}, AT_EMPTY_PATH) = 0
7983  pread64(3, "\6\0\0\0\4\0\0\0@\0\0\0\0\0\0\0@\0\0\0\0\0\0\0@\0\0\0\0\0\0\0\20\3\0\0\0\0\0\0\20\3\0\0\0\0\0\0\10\0\0\0\0\0\0\0\3\0\0\0\4\0\0\0@>\36\0\0\0\0\0@>\36\0\0\0\0\0@>\36\0\0\0\0\0\34\0\0\0\0\0\0\0\34\0\0\0\0\0\0\0\20\0\0\0\0\0\0\0\1\0\0\0\4\0\0\0\0\0\0\0\0\0\0\0\0\0\0\0\0\0\0\0\0\0\0\0\0\0\0\0\340\177\2\0\0\0\0\0\340\177\2\0\0\0\0\0\0\20\0\0\0\0\0\0\1\0\0\0\5\0\0\0\0\200\2\0\0\0\0\0\0\200\2\0\0\0\0\0\0\200\2\0\0\0\0\0"..., 784, 64) = 784
7983  mmap(NULL, 2264656, PROT_READ, MAP_PRIVATE|MAP_DENYWRITE, 3, 0) = 0x70f782200000
7983  mprotect(0x70f782228000, 2023424, PROT_NONE) = 0
7983  mmap(0x70f782228000, 1658880, PROT_READ|PROT_EXEC, MAP_PRIVATE|MAP_FIXED|MAP_DENYWRITE, 3, 0x28000) = 0x70f782228000
7983  mmap(0x70f7823bd000, 360448, PROT_READ, MAP_PRIVATE|MAP_FIXED|MAP_DENYWRITE, 3, 0x1bd000) = 0x70f7823bd000
7983  mmap(0x70f782416000, 24576, PROT_READ|PROT_WRITE, MAP_PRIVATE|MAP_FIXED|MAP_DENYWRITE, 3, 0x215000) = 0x70f782416000
7983  mmap(0x70f78241c000, 52816, PROT_READ|PROT_WRITE, MAP_PRIVATE|MAP_FIXED|MAP_ANONYMOUS, -1, 0) = 0x70f78241c000
7983  close(3)                          = 0
7983  mmap(NULL, 12288, PROT_READ|PROT_WRITE, MAP_PRIVATE|MAP_ANONYMOUS, -1, 0) = 0x70f782524000
7983  arch_prctl(ARCH_SET_FS, 0x70f782524740) = 0
7983  set_tid_address(0x70f782524a10)   = 7983
7983  set_robust_list(0x70f782524a20, 24) = 0
7983  rseq(0x70f7825250e0, 0x20, 0, 0x53053053) = 0
7983  mprotect(0x70f782416000, 16384, PROT_READ) = 0
7983  mprotect(0x44d000, 4096, PROT_READ) = 0
7983  mprotect(0x70f78256f000, 8192, PROT_READ) = 0
7983  prlimit64(0, RLIMIT_STACK, NULL, {rlim_cur=8192*1024, rlim_max=RLIM64_INFINITY}) = 0
7983  munmap(0x70f782527000, 57248)     = 0
7983  --- SIGTERM {si_signo=SIGTERM, si_code=SI_USER, si_pid=7979, si_uid=1000} ---
7983  +++ killed by SIGTERM +++
