7953  execve("./ragebait?token=eyJ1c2VyX2lkIjo1NjAsInRlYW1faWQiOjEzMiwiZmlsZV9pZCI6MjN9.acfhdw.3UOLczi_As8E9ojHiKiZU69FrSY", ["./ragebait?token=eyJ1c2VyX2lkIjo1NjAsInRlYW1faWQiOjEzMiwiZmlsZV9pZCI6MjN9.acfhdw.3UOLczi_As8E9ojHiKiZU69FrSY", "texsaw{zDAAAAAAAAAAAAAAAAAAAAAA}"], 0x7ffc195f1190 /* 32 vars */) = 0
7953  brk(NULL)                         = 0x32ef000
7953  arch_prctl(0x3001 /* ARCH_??? */, 0x7ffd3ab50630) = -1 EINVAL (Invalid argument)
7953  mmap(NULL, 8192, PROT_READ|PROT_WRITE, MAP_PRIVATE|MAP_ANONYMOUS, -1, 0) = 0x72db23fcf000
7953  access("/etc/ld.so.preload", R_OK) = -1 ENOENT (No such file or directory)
7953  openat(AT_FDCWD, "/etc/ld.so.cache", O_RDONLY|O_CLOEXEC) = 3
7953  newfstatat(3, "", {st_mode=S_IFREG|0644, st_size=57248, ...}, AT_EMPTY_PATH) = 0
7953  mmap(NULL, 57248, PROT_READ, MAP_PRIVATE, 3, 0) = 0x72db23fc1000
7953  close(3)                          = 0
7953  openat(AT_FDCWD, "/lib/x86_64-linux-gnu/libc.so.6", O_RDONLY|O_CLOEXEC) = 3
7953  read(3, "\177ELF\2\1\1\3\0\0\0\0\0\0\0\0\3\0>\0\1\0\0\0P\237\2\0\0\0\0\0@\0\0\0\0\0\0\0\360\320!\0\0\0\0\0\0\0\0\0@\08\0\16\0@\0B\0A\0\6\0\0\0\4\0\0\0@\0\0\0\0\0\0\0@\0\0\0\0\0\0\0@\0\0\0\0\0\0\0\20\3\0\0\0\0\0\0\20\3\0\0\0\0\0\0\10\0\0\0\0\0\0\0\3\0\0\0\4\0\0\0@>\36\0\0\0\0\0@>\36\0\0\0\0\0@>\36\0\0\0\0\0\34\0\0\0\0\0\0\0\34\0\0\0\0\0\0\0\20\0\0\0\0\0\0\0\1\0\0\0\4\0\0\0\0\0\0\0\0\0\0\0\0\0\0\0\0\0\0\0"..., 832) = 832
7953  pread64(3, "\6\0\0\0\4\0\0\0@\0\0\0\0\0\0\0@\0\0\0\0\0\0\0@\0\0\0\0\0\0\0\20\3\0\0\0\0\0\0\20\3\0\0\0\0\0\0\10\0\0\0\0\0\0\0\3\0\0\0\4\0\0\0@>\36\0\0\0\0\0@>\36\0\0\0\0\0@>\36\0\0\0\0\0\34\0\0\0\0\0\0\0\34\0\0\0\0\0\0\0\20\0\0\0\0\0\0\0\1\0\0\0\4\0\0\0\0\0\0\0\0\0\0\0\0\0\0\0\0\0\0\0\0\0\0\0\0\0\0\0\340\177\2\0\0\0\0\0\340\177\2\0\0\0\0\0\0\20\0\0\0\0\0\0\1\0\0\0\5\0\0\0\0\200\2\0\0\0\0\0\0\200\2\0\0\0\0\0\0\200\2\0\0\0\0\0"..., 784, 64) = 784
7953  pread64(3, "\4\0\0\0 \0\0\0\5\0\0\0GNU\0\2\0\0\300\4\0\0\0\3\0\0\0\0\0\0\0\2\200\0\300\4\0\0\0\1\0\0\0\0\0\0\0", 48, 848) = 48
7953  pread64(3, "\4\0\0\0\24\0\0\0\3\0\0\0GNU\0\t\\{\241H\256\312\201f\200\221\367\30\4px\325~\375\333\4\0\0\0\20\0\0\0\1\0\0\0GNU\0\0\0\0\0\3\0\0\0\2\0\0\0\0\0\0\0", 68, 896) = 68
7953  newfstatat(3, "", {st_mode=S_IFREG|0755, st_size=2220400, ...}, AT_EMPTY_PATH) = 0
7953  pread64(3, "\6\0\0\0\4\0\0\0@\0\0\0\0\0\0\0@\0\0\0\0\0\0\0@\0\0\0\0\0\0\0\20\3\0\0\0\0\0\0\20\3\0\0\0\0\0\0\10\0\0\0\0\0\0\0\3\0\0\0\4\0\0\0@>\36\0\0\0\0\0@>\36\0\0\0\0\0@>\36\0\0\0\0\0\34\0\0\0\0\0\0\0\34\0\0\0\0\0\0\0\20\0\0\0\0\0\0\0\1\0\0\0\4\0\0\0\0\0\0\0\0\0\0\0\0\0\0\0\0\0\0\0\0\0\0\0\0\0\0\0\340\177\2\0\0\0\0\0\340\177\2\0\0\0\0\0\0\20\0\0\0\0\0\0\1\0\0\0\5\0\0\0\0\200\2\0\0\0\0\0\0\200\2\0\0\0\0\0\0\200\2\0\0\0\0\0"..., 784, 64) = 784
7953  mmap(NULL, 2264656, PROT_READ, MAP_PRIVATE|MAP_DENYWRITE, 3, 0) = 0x72db23c00000
7953  mprotect(0x72db23c28000, 2023424, PROT_NONE) = 0
7953  mmap(0x72db23c28000, 1658880, PROT_READ|PROT_EXEC, MAP_PRIVATE|MAP_FIXED|MAP_DENYWRITE, 3, 0x28000) = 0x72db23c28000
7953  mmap(0x72db23dbd000, 360448, PROT_READ, MAP_PRIVATE|MAP_FIXED|MAP_DENYWRITE, 3, 0x1bd000) = 0x72db23dbd000
7953  mmap(0x72db23e16000, 24576, PROT_READ|PROT_WRITE, MAP_PRIVATE|MAP_FIXED|MAP_DENYWRITE, 3, 0x215000) = 0x72db23e16000
7953  mmap(0x72db23e1c000, 52816, PROT_READ|PROT_WRITE, MAP_PRIVATE|MAP_FIXED|MAP_ANONYMOUS, -1, 0) = 0x72db23e1c000
7953  close(3)                          = 0
7953  mmap(NULL, 12288, PROT_READ|PROT_WRITE, MAP_PRIVATE|MAP_ANONYMOUS, -1, 0) = 0x72db23fbe000
7953  arch_prctl(ARCH_SET_FS, 0x72db23fbe740) = 0
7953  set_tid_address(0x72db23fbea10)   = 7953
7953  set_robust_list(0x72db23fbea20, 24) = 0
7953  rseq(0x72db23fbf0e0, 0x20, 0, 0x53053053) = 0
7953  mprotect(0x72db23e16000, 16384, PROT_READ) = 0
7953  mprotect(0x44d000, 4096, PROT_READ) = 0
7953  mprotect(0x72db24009000, 8192, PROT_READ) = 0
7953  prlimit64(0, RLIMIT_STACK, NULL, {rlim_cur=8192*1024, rlim_max=RLIM64_INFINITY}) = 0
7953  munmap(0x72db23fc1000, 57248)     = 0
7953  --- SIGTERM {si_signo=SIGTERM, si_code=SI_USER, si_pid=7949, si_uid=1000} ---
7953  +++ killed by SIGTERM +++
